
[7m[1m[36m RUN [39m[22m[27m [36mv1.6.1[39m [90mC:/Users/lolse/Projects/BAZAAR[39m

 [32m✓[39m tests/sanitize.test.ts[2m > [22mRule 3: Public state sanitization[2m > [22mpublic room state contains wheel COUNT but no hidden item names
 [32m✓[39m tests/opening.audit.test.ts[2m > [22mOpening Bid Turn Order (Rule 4 & 5)[2m > [22mafter opener spins, non-opener cannot bid before the opener places opening bid
 [32m✓[39m tests/opening.audit.test.ts[2m > [22mOpening Bid Turn Order (Rule 4 & 5)[2m > [22mbefore spinning, nobody can bid, including the opener
 [32m✓[39m tests/opening.audit.test.ts[2m > [22mOpening Bid Turn Order (Rule 4 & 5)[2m > [22mafter spin, opener bids 0 rejected; opener bids 1 accepted and becomes highest bidder
 [32m✓[39m tests/opening.audit.test.ts[2m > [22mOpening Bid Turn Order (Rule 4 & 5)[2m > [22mafter opening bid, other players can bid (current + 1); opener cannot raise own bid
 [32m✓[39m tests/opening.audit.test.ts[2m > [22mOpening Bid Turn Order (Rule 4 & 5)[2m > [22mopening bid respects gold reserve: 20 gold, 3 empty slots -> 19 rejected, 18 accepted
 [32m✓[39m tests/opening.audit.test.ts[2m > [22mOpening Bid Turn Order (Rule 4 & 5)[2m > [22mtimeout after opener spun but did not bid: places 1-gold opening bid for opener
 [32m✓[39m tests/opening.audit.test.ts[2m > [22mOpening Bid Turn Order (Rule 4 & 5)[2m > [22mtimeout when opener did not spin: spins and places 1-gold opening bid, wheel shrinks by 1
 [32m✓[39m tests/engine.test.ts[2m > [22mRule 3: Deck and Wheel[2m > [22mwheel starts with all items and shrinks without refilling
 [32m✓[39m tests/rules.audit.test.ts[2m > [22mRule 1: Room[2m > [22mfirst player is host
 [32m✓[39m tests/rules.audit.test.ts[2m > [22mRule 1: Room[2m > [22m6 players can join; a 7th is rejected
 [32m✓[39m tests/rules.audit.test.ts[2m > [22mRule 1: Room[2m > [22mnickname "" and 17 chars rejected; 1 and 16 chars accepted
 [32m✓[39m tests/rules.audit.test.ts[2m > [22mRule 1: Room[2m > [22mduplicate nickname in same room rejected
 [32m✓[39m tests/rules.audit.test.ts[2m > [22mRule 1: Room[2m > [22mjoin after start rejected
 [32m✓[39m tests/rules.audit.test.ts[2m > [22mRule 1: Room[2m > [22mnon-host cannot start; host cannot start with 1 player; host starts with 2
 [32m✓[39m tests/rules.audit.test.ts[2m > [22mRule 2: Start[2m > [22mafter start every player has 20 gold and 3 empty slots
 [32m✓[39m tests/rules.audit.test.ts[2m > [22mRule 4: Opening Order[2m > [22mopening bid 0 rejected; 1 accepted
 [32m✓[39m tests/rules.audit.test.ts[2m > [22mRule 4: Opening Order[2m > [22m3 players, P3 has 3 full slots: after P2 turn the next opener is P1
 [32m✓[39m tests/rules.audit.test.ts[2m > [22mRule 4: Opening Order[2m > [22mnext opener follows the previous OPENER, not the auction winner
 [32m✓[39m tests/rules.audit.test.ts[2m > [22mRule 5: Bidding[2m > [22ma player with 3 full slots cannot bid
 [32m✓[39m tests/rules.audit.test.ts[2m > [22mRule 5: Bidding[2m > [22mnobody raises: the opener gets the item and pays exactly the opening bid
 [32m✓[39m tests/rules.audit.test.ts[2m > [22mRule 5: Bidding[2m > [22mwinner's gold drops by exactly the winning bid; others' gold unchanged
 [32m✓[39m tests/rules.audit.test.ts[2m > [22mRule 6: Gold Reserve[2m > [22mopening bid: 20 gold, 3 empty slots -> 18 accepted, 19 rejected
 [32m✓[39m tests/rules.audit.test.ts[2m > [22mRule 9: Rematch[2m > [22mnon-host cannot rematch
 [32m✓[39m tests/rules.audit.test.ts[2m > [22mRule 9: Rematch[2m > [22mafter rematch: same players in same order, 20 gold each, 3 empty slots, wheel has all 40 items, phase is playing
 [32m✓[39m tests/engine.test.ts[2m > [22mRule 3: Deck and Wheel[2m > [22mwheel holds all 40 items at game start
 [32m✓[39m tests/engine.test.ts[2m > [22mRule 3: Deck and Wheel[2m > [22meach spin removes exactly the revealed item and nothing else
 [32m✓[39m tests/engine.test.ts[2m > [22mRule 3: Deck and Wheel[2m > [22mfull 6-player game completes with 22 items remaining
 [32m✓[39m tests/engine.test.ts[2m > [22mRule 4: Opening Order[2m > [22mskips players with 3 filled slots
 [32m✓[39m tests/engine.test.ts[2m > [22mRule 4: Opening Order[2m > [22mauto-bids 1 gold after 20s timeout
 [32m✓[39m tests/engine.test.ts[2m > [22mRule 5: Bidding[2m > [22menforces minimum bid of current highest + 1
 [32m✓[39m tests/engine.test.ts[2m > [22mRule 5: Bidding[2m > [22mprevents highest bidder from raising their own bid
 [32m✓[39m tests/engine.test.ts[2m > [22mRule 5: Bidding[2m > [22mawards item to highest bidder on timeout
 [32m✓[39m tests/engine.test.ts[2m > [22mRule 6: Gold Reserve[2m > [22menforces gold reserve: cannot bid more than gold - (emptySlots - 1)
 [32m✓[39m tests/engine.test.ts[2m > [22mRule 6: Gold Reserve[2m > [22mupdates max bid as slots fill
 [32m✓[39m tests/engine.test.ts[2m > [22mRule 7: End of Auction[2m > [22mtransitions to judging when all players have 3 filled slots
 [32m✓[39m tests/engine.test.ts[2m > [22mRule 10: Reconnect[2m > [22mallows reconnect with valid playerToken
 [32m✓[39m tests/engine.test.ts[2m > [22mRule 10: Reconnect[2m > [22mrejects reconnect with invalid token
 [32m✓[39m tests/engine.test.ts[2m > [22mRule 10: Reconnect[2m > [22mpreserves player state on reconnect
[90mstdout[2m | tests/integration/probe_auction_bug.test.ts[2m > [22m[2mProbe: Auction Timer Bug[2m > [22m[2mmanual spin + opening bid: auction should resolve but does not[22m[39m

=== PROBE: Manual spin + opening bid ===
T+0ms: Spinning wheel

[90mstdout[2m | tests/integration/probe_auction_bug.test.ts[2m > [22m[2mProbe: Auction Timer Bug[2m > [22m[2mmanual spin + opening bid: auction should resolve but does not[22m[39m
T+2ms: Placing opening bid (amount=1)

 [32m✓[39m tests/integration/rules.test.ts[2m > [22mRules[2m > [22mgold reserve: over-limit bid rejected, state unchanged
 [32m✓[39m tests/integration/opening.test.ts[2m > [22mOpening[2m > [22mafter opener spins, non-opener bid is rejected
 [32m✓[39m tests/integration/lobby.test.ts[2m > [22mLobby[2m > [22mGET /health returns ok
 [32m✓[39m tests/integration/rules.test.ts[2m > [22mRules[2m > [22mbid below current + 1 rejected; highest bidder cannot raise own bid
 [32m✓[39m tests/integration/robustness.test.ts[2m > [22mRobustness[2m > [22mdouble actions: two start_game -> one start; two spin_wheel -> shrinks by 1; same bid twice -> one accepted
 [31m×[39m tests/integration/reconnect.test.ts[2m > [22mReconnect[2m > [22mplayer disconnects and rejoins with token: same gold, slots, turn position
[31m   → expected false to be true // Object.is equality[39m
 [32m✓[39m tests/integration/rules.test.ts[2m > [22mRules[2m > [22mnon-integer bid rejected
 [32m✓[39m tests/integration/rules.test.ts[2m > [22mRules[2m > [22mnegative bid rejected
 [32m✓[39m tests/integration/reconnect.test.ts[2m > [22mReconnect[2m > [22mwrong token does not take over any player
 [32m✓[39m tests/integration/rules.test.ts[2m > [22mRules[2m > [22mzero bid after opening rejected
 [32m✓[39m tests/integration/rules.test.ts[2m > [22mRules[2m > [22mstring bid rejected
 [32m✓[39m tests/integration/lobby.test.ts[2m > [22mLobby[2m > [22m6 players join; the 7th is rejected
 [32m✓[39m tests/integration/rules.test.ts[2m > [22mRules[2m > [22mnull bid rejected
 [32m✓[39m tests/integration/lobby.test.ts[2m > [22mLobby[2m > [22mjoin after start is rejected
 [32m✓[39m tests/integration/lobby.test.ts[2m > [22mLobby[2m > [22monly the host can start; the host cannot start alone
 [32m✓[39m tests/integration/rules.test.ts[2m > [22mRules[2m > [22mserver still works after invalid bids
[90mstderr[2m | tests/integration/reconnect.test.ts[2m > [22m[2mReconnect[2m > [22m[2mtokens are secret: no message contains another player's token[22m[39m
Auction end error: TypeError: Cannot read properties of undefined (reading 'timers')
    at sanitizeStateForAll [90m(C:\Users\lolse\Projects\BAZAAR\[39mserver\index.ts:453:27[90m)[39m
    at handleAuctionEnd [90m(C:\Users\lolse\Projects\BAZAAR\[39mserver\index.ts:350:45[90m)[39m
    at Timeout._onTimeout [90m(C:\Users\lolse\Projects\BAZAAR\[39mserver\index.ts:235:13[90m)[39m
[90m    at listOnTimeout (node:internal/timers:605:17)[39m
[90m    at processTimers (node:internal/timers:541:7)[39m

[90mstderr[2m | tests/integration/rules.test.ts[2m > [22m[2mRules[2m > [22m[2mplayer with 3 full slots cannot bid[22m[39m
Auction end error: TypeError: Cannot read properties of undefined (reading 'timers')
    at sanitizeStateForAll [90m(C:\Users\lolse\Projects\BAZAAR\[39mserver\index.ts:453:27[90m)[39m
    at handleAuctionEnd [90m(C:\Users\lolse\Projects\BAZAAR\[39mserver\index.ts:350:45[90m)[39m
    at Timeout._onTimeout [90m(C:\Users\lolse\Projects\BAZAAR\[39mserver\index.ts:235:13[90m)[39m
[90m    at listOnTimeout (node:internal/timers:605:17)[39m
[90m    at processTimers (node:internal/timers:541:7)[39m

[90mstderr[2m | tests/integration/reconnect.test.ts[2m > [22m[2mReconnect[2m > [22m[2mtokens are secret: no message contains another player's token[22m[39m
Auction end error: TypeError: Cannot read properties of undefined (reading 'timers')
    at sanitizeStateForAll [90m(C:\Users\lolse\Projects\BAZAAR\[39mserver\index.ts:453:27[90m)[39m
    at handleAuctionEnd [90m(C:\Users\lolse\Projects\BAZAAR\[39mserver\index.ts:350:45[90m)[39m
    at Timeout._onTimeout [90m(C:\Users\lolse\Projects\BAZAAR\[39mserver\index.ts:321:13[90m)[39m
[90m    at listOnTimeout (node:internal/timers:605:17)[39m
[90m    at processTimers (node:internal/timers:541:7)[39m

[90mstderr[2m | tests/integration/rules.test.ts[2m > [22m[2mRules[2m > [22m[2mplayer with 3 full slots cannot bid[22m[39m
Auction end error: TypeError: Cannot read properties of undefined (reading 'timers')
    at sanitizeStateForAll [90m(C:\Users\lolse\Projects\BAZAAR\[39mserver\index.ts:453:27[90m)[39m
    at handleAuctionEnd [90m(C:\Users\lolse\Projects\BAZAAR\[39mserver\index.ts:350:45[90m)[39m
    at Timeout._onTimeout [90m(C:\Users\lolse\Projects\BAZAAR\[39mserver\index.ts:321:13[90m)[39m
[90m    at listOnTimeout (node:internal/timers:605:17)[39m
[90m    at processTimers (node:internal/timers:541:7)[39m

[90mstderr[2m | tests/integration/reconnect.test.ts[2m > [22m[2mReconnect[2m > [22m[2mtokens are secret: no message contains another player's token[22m[39m
Auction end error: TypeError: Cannot read properties of undefined (reading 'timers')
    at sanitizeStateForAll [90m(C:\Users\lolse\Projects\BAZAAR\[39mserver\index.ts:453:27[90m)[39m
    at handleAuctionEnd [90m(C:\Users\lolse\Projects\BAZAAR\[39mserver\index.ts:350:45[90m)[39m
    at Timeout._onTimeout [90m(C:\Users\lolse\Projects\BAZAAR\[39mserver\index.ts:321:13[90m)[39m
[90m    at listOnTimeout (node:internal/timers:605:17)[39m
[90m    at processTimers (node:internal/timers:541:7)[39m

[90mstderr[2m | tests/integration/rules.test.ts[2m > [22m[2mRules[2m > [22m[2mplayer with 3 full slots cannot bid[22m[39m
Auction end error: TypeError: Cannot read properties of undefined (reading 'timers')
    at sanitizeStateForAll [90m(C:\Users\lolse\Projects\BAZAAR\[39mserver\index.ts:453:27[90m)[39m
    at handleAuctionEnd [90m(C:\Users\lolse\Projects\BAZAAR\[39mserver\index.ts:350:45[90m)[39m
    at Timeout._onTimeout [90m(C:\Users\lolse\Projects\BAZAAR\[39mserver\index.ts:321:13[90m)[39m
[90m    at listOnTimeout (node:internal/timers:605:17)[39m
[90m    at processTimers (node:internal/timers:541:7)[39m

[90mstdout[2m | tests/integration/probe_auction_bug.test.ts[2m > [22m[2mProbe: Auction Timer Bug[2m > [22m[2mmanual spin + opening bid: auction should resolve but does not[22m[39m
<empty line>
[90mstderr[2m | tests/integration/probe_auction_bug.test.ts[2m > [22m[2mProbe: Auction Timer Bug[2m > [22m[2mmanual spin + opening bid: auction should resolve but does not[22m[39m
Auction end error: TypeError: Cannot read properties of undefined (reading 'timers')
    at sanitizeStateForAll [90m(C:\Users\lolse\Projects\BAZAAR\[39mserver\index.ts:453:27[90m)[39m
    at handleAuctionEnd [90m(C:\Users\lolse\Projects\BAZAAR\[39mserver\index.ts:350:45[90m)[39m
    at Timeout._onTimeout [90m(C:\Users\lolse\Projects\BAZAAR\[39mserver\index.ts:235:13[90m)[39m
[90m    at listOnTimeout (node:internal/timers:605:17)[39m
[90m    at processTimers (node:internal/timers:541:7)[39m

[90mstderr[2m | tests/integration/auctionTimer.test.ts[2m > [22m[2mAuction Timer[2m > [22m[2mno further bids: auction resolves ~1s after opening (not before 0.8s, by 1.6s)[22m[39m
Auction end error: TypeError: Cannot read properties of undefined (reading 'timers')
    at sanitizeStateForAll [90m(C:\Users\lolse\Projects\BAZAAR\[39mserver\index.ts:453:27[90m)[39m
    at handleAuctionEnd [90m(C:\Users\lolse\Projects\BAZAAR\[39mserver\index.ts:350:45[90m)[39m
    at Timeout._onTimeout [90m(C:\Users\lolse\Projects\BAZAAR\[39mserver\index.ts:235:13[90m)[39m
[90m    at listOnTimeout (node:internal/timers:605:17)[39m
[90m    at processTimers (node:internal/timers:541:7)[39m

[90mstderr[2m | tests/integration/robustness.test.ts[2m > [22m[2mRobustness[2m > [22m[2mmalformed input: no crash, /health ok, new room can play[22m[39m
Auction end error: TypeError: Cannot read properties of undefined (reading 'timers')
    at sanitizeStateForAll [90m(C:\Users\lolse\Projects\BAZAAR\[39mserver\index.ts:453:27[90m)[39m
    at handleAuctionEnd [90m(C:\Users\lolse\Projects\BAZAAR\[39mserver\index.ts:350:45[90m)[39m
    at Timeout._onTimeout [90m(C:\Users\lolse\Projects\BAZAAR\[39mserver\index.ts:235:13[90m)[39m
[90m    at listOnTimeout (node:internal/timers:605:17)[39m
[90m    at processTimers (node:internal/timers:541:7)[39m

[90mstderr[2m | tests/integration/reconnect.test.ts[2m > [22m[2mReconnect[2m > [22m[2mtokens are secret: no message contains another player's token[22m[39m
Auction end error: TypeError: Cannot read properties of undefined (reading 'timers')
    at sanitizeStateForAll [90m(C:\Users\lolse\Projects\BAZAAR\[39mserver\index.ts:453:27[90m)[39m
    at handleAuctionEnd [90m(C:\Users\lolse\Projects\BAZAAR\[39mserver\index.ts:350:45[90m)[39m
    at Timeout._onTimeout [90m(C:\Users\lolse\Projects\BAZAAR\[39mserver\index.ts:321:13[90m)[39m
[90m    at listOnTimeout (node:internal/timers:605:17)[39m
[90m    at processTimers (node:internal/timers:541:7)[39m

[90mstderr[2m | tests/integration/rules.test.ts[2m > [22m[2mRules[2m > [22m[2mplayer with 3 full slots cannot bid[22m[39m
Auction end error: TypeError: Cannot read properties of undefined (reading 'timers')
    at sanitizeStateForAll [90m(C:\Users\lolse\Projects\BAZAAR\[39mserver\index.ts:453:27[90m)[39m
    at handleAuctionEnd [90m(C:\Users\lolse\Projects\BAZAAR\[39mserver\index.ts:350:45[90m)[39m
    at Timeout._onTimeout [90m(C:\Users\lolse\Projects\BAZAAR\[39mserver\index.ts:321:13[90m)[39m
[90m    at listOnTimeout (node:internal/timers:605:17)[39m
[90m    at processTimers (node:internal/timers:541:7)[39m

[90mstderr[2m | tests/integration/reconnect.test.ts[2m > [22m[2mReconnect[2m > [22m[2mtokens are secret: no message contains another player's token[22m[39m
Auction end error: TypeError: Cannot read properties of undefined (reading 'timers')
    at sanitizeStateForAll [90m(C:\Users\lolse\Projects\BAZAAR\[39mserver\index.ts:453:27[90m)[39m
    at handleAuctionEnd [90m(C:\Users\lolse\Projects\BAZAAR\[39mserver\index.ts:350:45[90m)[39m
    at Timeout._onTimeout [90m(C:\Users\lolse\Projects\BAZAAR\[39mserver\index.ts:321:13[90m)[39m
[90m    at listOnTimeout (node:internal/timers:605:17)[39m
[90m    at processTimers (node:internal/timers:541:7)[39m

[90mstderr[2m | tests/integration/rules.test.ts[2m > [22m[2mRules[2m > [22m[2mplayer with 3 full slots cannot bid[22m[39m
Auction end error: TypeError: Cannot read properties of undefined (reading 'timers')
    at sanitizeStateForAll [90m(C:\Users\lolse\Projects\BAZAAR\[39mserver\index.ts:453:27[90m)[39m
    at handleAuctionEnd [90m(C:\Users\lolse\Projects\BAZAAR\[39mserver\index.ts:350:45[90m)[39m
    at Timeout._onTimeout [90m(C:\Users\lolse\Projects\BAZAAR\[39mserver\index.ts:321:13[90m)[39m
[90m    at listOnTimeout (node:internal/timers:605:17)[39m
[90m    at processTimers (node:internal/timers:541:7)[39m

[90mstderr[2m | tests/integration/reconnect.test.ts[2m > [22m[2mReconnect[2m > [22m[2mtokens are secret: no message contains another player's token[22m[39m
Auction end error: TypeError: Cannot read properties of undefined (reading 'timers')
    at sanitizeStateForAll [90m(C:\Users\lolse\Projects\BAZAAR\[39mserver\index.ts:453:27[90m)[39m
    at handleAuctionEnd [90m(C:\Users\lolse\Projects\BAZAAR\[39mserver\index.ts:350:45[90m)[39m
    at Timeout._onTimeout [90m(C:\Users\lolse\Projects\BAZAAR\[39mserver\index.ts:321:13[90m)[39m
[90m    at listOnTimeout (node:internal/timers:605:17)[39m
[90m    at processTimers (node:internal/timers:541:7)[39m

[90mstderr[2m | tests/integration/rules.test.ts[2m > [22m[2mRules[2m > [22m[2mplayer with 3 full slots cannot bid[22m[39m
Auction end error: TypeError: Cannot read properties of undefined (reading 'timers')
    at sanitizeStateForAll [90m(C:\Users\lolse\Projects\BAZAAR\[39mserver\index.ts:453:27[90m)[39m
    at handleAuctionEnd [90m(C:\Users\lolse\Projects\BAZAAR\[39mserver\index.ts:350:45[90m)[39m
    at Timeout._onTimeout [90m(C:\Users\lolse\Projects\BAZAAR\[39mserver\index.ts:321:13[90m)[39m
[90m    at listOnTimeout (node:internal/timers:605:17)[39m
[90m    at processTimers (node:internal/timers:541:7)[39m

 [32m✓[39m tests/integration/opening.test.ts[2m > [22mOpening[2m > [22mopener does nothing: server spins and opens with 1 gold after ~2s[33m 2016[2mms[22m[39m
 [31m×[39m tests/integration/auctionTimer.test.ts[2m > [22mAuction Timer[2m > [22mno further bids: auction resolves ~1s after opening (not before 0.8s, by 1.6s)[33m 2138[2mms[22m[39m
[31m   → SERVER BUG: Auction never resolved after manual opening bid (timer not scheduled)[39m
 [31m×[39m tests/integration/robustness.test.ts[2m > [22mRobustness[2m > [22mmalformed input: no crash, /health ok, new room can play[33m 2063[2mms[22m[39m
[31m   → SERVER BUG: Auction never resolved (manual bid timer issue)[39m
 [32m✓[39m tests/integration/robustness.test.ts[2m > [22mRobustness[2m > [22mimpersonation: client sends place_bid with another playerId
[90mstderr[2m | tests/integration/probe_auction_bug.test.ts[2m > [22m[2mProbe: Auction Timer Bug[2m > [22m[2mmanual spin + opening bid: auction should resolve but does not[22m[39m
<empty line>
[90mstdout[2m | tests/integration/probe_auction_bug.test.ts[2m > [22m[2mProbe: Auction Timer Bug[2m > [22m[2mmanual spin + opening bid: auction should resolve but does not[22m[39m
T+3015ms: phase=bidding, bid=1, turnStartTime=1790764314843

[90mstderr[2m | tests/integration/auctionTimer.test.ts[2m > [22m[2mAuction Timer[2m > [22m[2mlate bid at ~0.7s: auction does not resolve before ~1.1s and resolves by ~1.7s[22m[39m
Auction end error: TypeError: Cannot read properties of undefined (reading 'timers')
    at sanitizeStateForAll [90m(C:\Users\lolse\Projects\BAZAAR\[39mserver\index.ts:453:27[90m)[39m
    at handleAuctionEnd [90m(C:\Users\lolse\Projects\BAZAAR\[39mserver\index.ts:350:45[90m)[39m
    at Timeout._onTimeout [90m(C:\Users\lolse\Projects\BAZAAR\[39mserver\index.ts:240:13[90m)[39m
[90m    at listOnTimeout (node:internal/timers:605:17)[39m
[90m    at processTimers (node:internal/timers:541:7)[39m

[90mstderr[2m | tests/integration/probe_auction_bug.test.ts[2m > [22m[2mProbe: Auction Timer Bug[2m > [22m[2mmanual spin + opening bid: auction should resolve but does not[22m[39m
<empty line>
[90mstdout[2m | tests/integration/probe_auction_bug.test.ts[2m > [22m[2mProbe: Auction Timer Bug[2m > [22m[2mmanual spin + opening bid: auction should resolve but does not[22m[39m

Total state_updates received: 1
Final state: phase=bidding, bid=1

Expected: auction resolves, P1 wins item, phase returns to 'playing'
Actual: phase=bidding, P1.slots[0]=[object Object]

 [31m×[39m tests/integration/probe_auction_bug.test.ts[2m > [22mProbe: Auction Timer Bug[2m > [22mmanual spin + opening bid: auction should resolve but does not[33m 4104[2mms[22m[39m
[31m   → expected 'bidding' to be 'playing' // Object.is equality[39m
 [32m✓[39m tests/integration/opening.test.ts[2m > [22mOpening[2m > [22mopener spins but does not bid: server opens with 1 gold after ~2s, wheel shrinks by 1[33m 2030[2mms[22m[39m
 [31m×[39m tests/integration/auctionTimer.test.ts[2m > [22mAuction Timer[2m > [22mlate bid at ~0.7s: auction does not resolve before ~1.1s and resolves by ~1.7s[33m 2722[2mms[22m[39m
[31m   → SERVER BUG: Auction never resolved / extension never triggered (timer not scheduled after manual bid)[39m
[90mstderr[2m | tests/integration/opening.test.ts[2m > [22m[2mOpening[2m > [22m[2mstale timer: opener spins and opens immediately, next opener auto-opens ~2s after ITS turn[22m[39m
Auction end error: TypeError: Cannot read properties of undefined (reading 'timers')
    at sanitizeStateForAll [90m(C:\Users\lolse\Projects\BAZAAR\[39mserver\index.ts:453:27[90m)[39m
    at handleAuctionEnd [90m(C:\Users\lolse\Projects\BAZAAR\[39mserver\index.ts:350:45[90m)[39m
    at Timeout._onTimeout [90m(C:\Users\lolse\Projects\BAZAAR\[39mserver\index.ts:235:13[90m)[39m
[90m    at listOnTimeout (node:internal/timers:605:17)[39m
[90m    at processTimers (node:internal/timers:541:7)[39m

 [31m×[39m tests/integration/opening.test.ts[2m > [22mOpening[2m > [22mstale timer: opener spins and opens immediately, next opener auto-opens ~2s after ITS turn[33m 1524[2mms[22m[39m
[31m   → Timeout waiting for state[39m
 [31m×[39m tests/integration/secrecy.test.ts[2m > [22mSecrecy[2m > [22mno item name appears before it becomes revealed; unrevealed items never appear[33m 10118[2mms[22m[39m
[31m   → Timeout waiting for state[39m
 [31m×[39m tests/integration/fullGame.test.ts[2m > [22mFull Game[2m > [22m2 players play a whole game until finished[33m 10117[2mms[22m[39m
[31m   → Timeout waiting for state[39m
 [31m×[39m tests/integration/judge.test.ts[2m > [22mJudge[2m > [22mvalid JSON -> finished with ranking, reasons, commentary[33m 10116[2mms[22m[39m
[31m   → Timeout waiting for state[39m
 [31m×[39m tests/integration/reconnect.test.ts[2m > [22mReconnect[2m > [22mtokens are secret: no message contains another player's token[33m 10345[2mms[22m[39m
[31m   → SERVER BUG: Auction never resolved (manual bid timer issue)[39m
 [31m×[39m tests/integration/rules.test.ts[2m > [22mRules[2m > [22mplayer with 3 full slots cannot bid[33m 10335[2mms[22m[39m
[31m   → Timeout waiting for state[39m
 [31m×[39m tests/integration/judge.test.ts[2m > [22mJudge[2m > [22mjudge throws -> judge_failed[33m 10022[2mms[22m[39m
[31m   → Timeout waiting for state[39m
 [31m×[39m tests/integration/fullGame.test.ts[2m > [22mFull Game[2m > [22m6 players play a whole game until finished[33m 10041[2mms[22m[39m
[31m   → Timeout waiting for state[39m
 [31m×[39m tests/integration/judge.test.ts[2m > [22mJudge[2m > [22minvalid JSON text -> judge_failed[33m 10014[2mms[22m[39m
[31m   → Timeout waiting for state[39m
 [31m×[39m tests/integration/judge.test.ts[2m > [22mJudge[2m > [22mjudge never settles -> judge_failed within ~3s + margin[33m 10025[2mms[22m[39m
[31m   → Timeout waiting for state[39m
 [31m×[39m tests/integration/judge.test.ts[2m > [22mJudge[2m > [22mplayer missing -> judge_failed[33m 10017[2mms[22m[39m
[31m   → Timeout waiting for state[39m
 [31m×[39m tests/integration/judge.test.ts[2m > [22mJudge[2m > [22mplayer twice -> judge_failed[33m 10015[2mms[22m[39m
[31m   → Timeout waiting for state[39m
 [31m×[39m tests/integration/judge.test.ts[2m > [22mJudge[2m > [22mranks not 1..n -> judge_failed[33m 10019[2mms[22m[39m
[31m   → Timeout waiting for state[39m
 [31m×[39m tests/integration/judge.test.ts[2m > [22mJudge[2m > [22mempty reason -> judge_failed[33m 10022[2mms[22m[39m
[31m   → Timeout waiting for state[39m
 [31m×[39m tests/integration/judge.test.ts[2m > [22mJudge[2m > [22mempty commentary -> judge_failed[33m 10014[2mms[22m[39m
[31m   → Timeout waiting for state[39m
 [31m×[39m tests/integration/judge.test.ts[2m > [22mJudge[2m > [22mjudge_failed: only host can retry; retry with valid judge -> finished[33m 10025[2mms[22m[39m
[31m   → Timeout waiting for state[39m
 [31m×[39m tests/integration/judge.test.ts[2m > [22mJudge[2m > [22mrematch: only host; afterwards same players, 20 gold, 3 empty slots, wheel 40[33m 10024[2mms[22m[39m
[31m   → Timeout waiting for state[39m

[31m⎯⎯⎯⎯⎯⎯[1m[7m Failed Tests 22 [27m[22m⎯⎯⎯⎯⎯⎯⎯[39m

[31m[1m[7m FAIL [27m[22m[39m tests/integration/auctionTimer.test.ts[2m > [22mAuction Timer[2m > [22mno further bids: auction resolves ~1s after opening (not before 0.8s, by 1.6s)
[31m[1mError[22m: SERVER BUG: Auction never resolved after manual opening bid (timer not scheduled)[39m
[36m [2m❯[22m tests/integration/auctionTimer.test.ts:[2m56:13[22m[39m
    [90m 54| [39m      [34mexpect[39m(state[33m.[39mplayers[33m.[39m[34mfind[39m((p[33m:[39m any) [33m=>[39m p[33m.[39mnickname [33m===[39m [32m'P1'[39m)[33m.[39mgold)…
    [90m 55| [39m    } [35mcatch[39m (e) {
    [90m 56| [39m      [35mthrow[39m [35mnew[39m [33mError[39m([32m'SERVER BUG: Auction never resolved after manual[39m…
    [90m   | [39m            [31m^[39m
    [90m 57| [39m    }
    [90m 58| [39m

[31m[2m⎯⎯⎯⎯⎯⎯⎯⎯⎯⎯⎯⎯⎯⎯⎯⎯⎯⎯⎯⎯⎯⎯⎯[1/22]⎯[22m[39m

[31m[1m[7m FAIL [27m[22m[39m tests/integration/auctionTimer.test.ts[2m > [22mAuction Timer[2m > [22mlate bid at ~0.7s: auction does not resolve before ~1.1s and resolves by ~1.7s
[31m[1mError[22m: SERVER BUG: Auction never resolved / extension never triggered (timer not scheduled after manual bid)[39m
[36m [2m❯[22m tests/integration/auctionTimer.test.ts:[2m104:13[22m[39m
    [90m102| [39m      [34mexpect[39m(state[33m.[39mplayers[33m.[39m[34mfind[39m((p[33m:[39m any) [33m=>[39m p[33m.[39mnickname [33m===[39m [32m'P2'[39m)[33m.[39mslots…
    [90m103| [39m    } [35mcatch[39m (e) {
    [90m104| [39m      [35mthrow[39m [35mnew[39m [33mError[39m([32m'SERVER BUG: Auction never resolved / extension [39m…
    [90m   | [39m            [31m^[39m
    [90m105| [39m    }
    [90m106| [39m

[31m[2m⎯⎯⎯⎯⎯⎯⎯⎯⎯⎯⎯⎯⎯⎯⎯⎯⎯⎯⎯⎯⎯⎯⎯[2/22]⎯[22m[39m

[31m[1m[7m FAIL [27m[22m[39m tests/integration/fullGame.test.ts[2m > [22mFull Game[2m > [22m2 players play a whole game until finished
[31m[1m[7m FAIL [27m[22m[39m tests/integration/fullGame.test.ts[2m > [22mFull Game[2m > [22m6 players play a whole game until finished
[31m[1m[7m FAIL [27m[22m[39m tests/integration/judge.test.ts[2m > [22mJudge[2m > [22mvalid JSON -> finished with ranking, reasons, commentary
[31m[1m[7m FAIL [27m[22m[39m tests/integration/judge.test.ts[2m > [22mJudge[2m > [22mjudge throws -> judge_failed
[31m[1m[7m FAIL [27m[22m[39m tests/integration/judge.test.ts[2m > [22mJudge[2m > [22minvalid JSON text -> judge_failed
[31m[1m[7m FAIL [27m[22m[39m tests/integration/judge.test.ts[2m > [22mJudge[2m > [22mjudge never settles -> judge_failed within ~3s + margin
[31m[1m[7m FAIL [27m[22m[39m tests/integration/judge.test.ts[2m > [22mJudge[2m > [22mplayer missing -> judge_failed
[31m[1m[7m FAIL [27m[22m[39m tests/integration/judge.test.ts[2m > [22mJudge[2m > [22mplayer twice -> judge_failed
[31m[1m[7m FAIL [27m[22m[39m tests/integration/judge.test.ts[2m > [22mJudge[2m > [22mranks not 1..n -> judge_failed
[31m[1m[7m FAIL [27m[22m[39m tests/integration/judge.test.ts[2m > [22mJudge[2m > [22mempty reason -> judge_failed
[31m[1m[7m FAIL [27m[22m[39m tests/integration/judge.test.ts[2m > [22mJudge[2m > [22mempty commentary -> judge_failed
[31m[1m[7m FAIL [27m[22m[39m tests/integration/judge.test.ts[2m > [22mJudge[2m > [22mjudge_failed: only host can retry; retry with valid judge -> finished
[31m[1m[7m FAIL [27m[22m[39m tests/integration/judge.test.ts[2m > [22mJudge[2m > [22mrematch: only host; afterwards same players, 20 gold, 3 empty slots, wheel 40
[31m[1m[7m FAIL [27m[22m[39m tests/integration/opening.test.ts[2m > [22mOpening[2m > [22mstale timer: opener spins and opens immediately, next opener auto-opens ~2s after ITS turn
[31m[1m[7m FAIL [27m[22m[39m tests/integration/rules.test.ts[2m > [22mRules[2m > [22mplayer with 3 full slots cannot bid
[31m[1m[7m FAIL [27m[22m[39m tests/integration/secrecy.test.ts[2m > [22mSecrecy[2m > [22mno item name appears before it becomes revealed; unrevealed items never appear
[31m[1mError[22m: Timeout waiting for state[39m
[36m [2m❯[22m Timeout._onTimeout tests/integration/helpers.ts:[2m61:16[22m[39m
    [90m 59| [39m    [35mreturn[39m [35mnew[39m [33mPromise[39m((resolve[33m,[39m reject) [33m=>[39m {
    [90m 60| [39m      [35mconst[39m timer [33m=[39m [34msetTimeout[39m(() [33m=>[39m {
    [90m 61| [39m        [34mreject[39m([35mnew[39m [33mError[39m([32m'Timeout waiting for state'[39m))[33m;[39m
    [90m   | [39m               [31m^[39m
    [90m 62| [39m      }[33m,[39m timeoutMs)[33m;[39m
    [90m 63| [39m

[31m[2m⎯⎯⎯⎯⎯⎯⎯⎯⎯⎯⎯⎯⎯⎯⎯⎯⎯⎯⎯⎯⎯⎯⎯[3/22]⎯[22m[39m

[31m[1m[7m FAIL [27m[22m[39m tests/integration/probe_auction_bug.test.ts[2m > [22mProbe: Auction Timer Bug[2m > [22mmanual spin + opening bid: auction should resolve but does not
[31m[1mAssertionError[22m: expected 'bidding' to be 'playing' // Object.is equality[39m

[32m- Expected[39m
[31m+ Received[39m

[32m- playing[39m
[31m+ bidding[39m

[36m [2m❯[22m tests/integration/probe_auction_bug.test.ts:[2m57:30[22m[39m
    [90m 55| [39m
    [90m 56| [39m    [90m// The bug: auction never resolves because timer was never schedul[39m…
    [90m 57| [39m    [34mexpect[39m(finalState[33m.[39mphase)[33m.[39m[34mtoBe[39m([32m'playing'[39m)[33m;[39m [90m// Will fail[39m
    [90m   | [39m                             [31m^[39m
    [90m 58| [39m
    [90m 59| [39m    client1[33m.[39m[34mclose[39m()[33m;[39m

[31m[2m⎯⎯⎯⎯⎯⎯⎯⎯⎯⎯⎯⎯⎯⎯⎯⎯⎯⎯⎯⎯⎯⎯⎯[4/22]⎯[22m[39m

[31m[1m[7m FAIL [27m[22m[39m tests/integration/reconnect.test.ts[2m > [22mReconnect[2m > [22mplayer disconnects and rejoins with token: same gold, slots, turn position
[31m[1mAssertionError[22m: expected false to be true // Object.is equality[39m

[32m- Expected[39m
[31m+ Received[39m

[32m- true[39m
[31m+ false[39m

[36m [2m❯[22m tests/integration/reconnect.test.ts:[2m53:37[22m[39m
    [90m 51| [39m    [35mconst[39m reconnectResult [33m=[39m [35mawait[39m client2New[33m.[39m[34memitWithAck[39m([32m'join_room'[39m[33m,[39m …
    [90m 52| [39m
    [90m 53| [39m    [34mexpect[39m(reconnectResult[33m.[39msuccess)[33m.[39m[34mtoBe[39m([35mtrue[39m)[33m;[39m
    [90m   | [39m                                    [31m^[39m
    [90m 54| [39m    [34mexpect[39m(reconnectResult[33m.[39mreconnected)[33m.[39m[34mtoBe[39m([35mtrue[39m)[33m;[39m
    [90m 55| [39m

[31m[2m⎯⎯⎯⎯⎯⎯⎯⎯⎯⎯⎯⎯⎯⎯⎯⎯⎯⎯⎯⎯⎯⎯⎯[5/22]⎯[22m[39m

[31m[1m[7m FAIL [27m[22m[39m tests/integration/reconnect.test.ts[2m > [22mReconnect[2m > [22mtokens are secret: no message contains another player's token
[31m[1mError[22m: SERVER BUG: Auction never resolved (manual bid timer issue)[39m
[36m [2m❯[22m tests/integration/reconnect.test.ts:[2m119:13[22m[39m
    [90m117| [39m      }
    [90m118| [39m    } [35mcatch[39m (e) {
    [90m119| [39m      [35mthrow[39m [35mnew[39m [33mError[39m([32m'SERVER BUG: Auction never resolved (manual bid [39m…
    [90m   | [39m            [31m^[39m
    [90m120| [39m    }
    [90m121| [39m

[31m[2m⎯⎯⎯⎯⎯⎯⎯⎯⎯⎯⎯⎯⎯⎯⎯⎯⎯⎯⎯⎯⎯⎯⎯[6/22]⎯[22m[39m

[31m[1m[7m FAIL [27m[22m[39m tests/integration/robustness.test.ts[2m > [22mRobustness[2m > [22mmalformed input: no crash, /health ok, new room can play
[31m[1mError[22m: SERVER BUG: Auction never resolved (manual bid timer issue)[39m
[36m [2m❯[22m tests/integration/robustness.test.ts:[2m119:13[22m[39m
    [90m117| [39m      [34mexpect[39m(state[33m.[39mplayers[33m.[39m[34mfind[39m((p[33m:[39m any) [33m=>[39m p[33m.[39mnickname [33m===[39m [32m'NewP1'[39m)[33m.[39msl…
    [90m118| [39m    } [35mcatch[39m (e) {
    [90m119| [39m      [35mthrow[39m [35mnew[39m [33mError[39m([32m'SERVER BUG: Auction never resolved (manual bid [39m…
    [90m   | [39m            [31m^[39m
    [90m120| [39m    }
    [90m121| [39m

[31m[2m⎯⎯⎯⎯⎯⎯⎯⎯⎯⎯⎯⎯⎯⎯⎯⎯⎯⎯⎯⎯⎯⎯⎯[7/22]⎯[22m[39m

[2m Test Files [22m [1m[31m9 failed[39m[22m[2m | [22m[1m[32m5 passed[39m[22m[90m (14)[39m
[2m      Tests [22m [1m[31m22 failed[39m[22m[2m | [22m[1m[32m57 passed[39m[22m[90m (79)[39m
[2m   Start at [22m 12:31:50
[2m   Duration [22m 111.67s[2m (transform 1.11s, setup 1ms, collect 7.69s, tests 178.74s, environment 4ms, prepare 4.18s)[22m

